	kempton_taylor_q
S100.8123_S2	
S101.8118_S3	
S102.8145_S4	
S103.8150_S5	
S104.8162_S6	
S105.8151_S7	
S106.8079_S8	
S107.8192_S9	
S108.8103_S10	
S109.8446_S11	
S110.8096_S12	
S111.8449_S13	
S112.8459_S14	
S113.8451_S15	
S114.8452_S16	
S115.8234_S17	
S116.8209_S18	
S117.8026_S19	
S118.8490_S20	
S119.8130_S21	
S120.8477_S22	
S121.8264_S23	
S122.8134_S24	
S123.8176_S25	
S124.8224_S26	
S125.8210_S27	
S126.8135_S28	
S127.8112_S29	
S128.8202_S30	
S129.8204_S31	
S130.8507_S32	
S131.8274_S33	
S132.8297_S34	
S133.8222_S35	
S134.8546_S36	
S135.8381_S37	
S136.8391_S38	
S137.8574_S39	
S138.8047_S40	
S139.8583_S41	
S140.8013_S42	
S141.8080_S43	
S142.8621_S44	
S143.8071_S45	
S144.8417_S46	
S145.8371_S47	
S146.8430_S48	
S147.8369_S49	
S148.8242_S50	
S149.8312_S51	
